Watching for file changes with StatReloader
Watching for file changes with StatReloader
Not Found: /
Not Found: /favicon.ico
/home/wiralthouseef/Desktop/Thouseef/bf-software-django/backend/config/urls.py changed, reloading.
Watching for file changes with StatReloader
/home/wiralthouseef/Desktop/Thouseef/bf-software-django/backend/apps/core/admin.py changed, reloading.
Watching for file changes with StatReloader
/home/wiralthouseef/Desktop/Thouseef/bf-software-django/backend/apps/users/admin.py changed, reloading.
Watching for file changes with StatReloader
/home/wiralthouseef/Desktop/Thouseef/bf-software-django/backend/apps/accounting/admin.py changed, reloading.
Watching for file changes with StatReloader
/home/wiralthouseef/Desktop/Thouseef/bf-software-django/backend/apps/core/admin.py changed, reloading.
Watching for file changes with StatReloader
Not Found: /favicon.ico
/home/wiralthouseef/Desktop/Thouseef/bf-software-django/backend/config/settings/base.py changed, reloading.
Watching for file changes with StatReloader
/home/wiralthouseef/Desktop/Thouseef/bf-software-django/backend/apps/core/urls.py changed, reloading.
Watching for file changes with StatReloader
Watching for file changes with StatReloader
Not Found: /
